<html>
<body>
<pre>
<h1>µVision Build Log</h1>
<h2>Project:</h2>
C:\Users\harshith ramamurthy\Desktop\MCA_LAB_Test\Program 1\Keil\Pgm_1.uvproj
Project File Date:  12/30/2021

<h2>Output:</h2>
Rebuild target 'Target 1'
assembling Startup.s...
compiling main.c...
main.c(5): warning:  #1295-D: Deprecated declaration pll - give arg types
  void pll();
main.c(51): warning:  #1-D: last line of file ends without a newline
  }
main.c: 2 warnings, 0 errors
linking...
Program Size: Code=748 RO-data=16 RW-data=0 ZI-data=1256  
FromELF: creating hex file...
".\Pgm_1.axf" - 0 Error(s), 2 Warning(s).
</pre>
</body>
</html>
